// Jest Snapshot v1, https://goo.gl/fbAQLP

exports[` 1`] = `ShallowWrapper {}`;

exports[`correctly  1`] = `ShallowWrapper {}`;

exports[`correctly increments 1`] = `ShallowWrapper {}`;

exports[`correctly increments the counter 1`] = `ShallowWrapper {}`;

exports[`correnctly increments the counter 1`] = `ShallowWrapper {}`;

exports[`expect to render CounterButton component 1`] = `ShallowWrapper {}`;

exports[`expect to render CounterButton component 2`] = `ShallowWrapper {}`;

exports[`renders without crashing 1`] = `ShallowWrapper {}`;
